// Jest Snapshot v1, https://goo.gl/fbAQLP

exports[`Heading should match snapshot 1`] = `
<h1
  class="sc-ba81c2ff-0 jFApBo"
>
  test
</h1>
`;
